[03:00:55] [main/INFO]: Environment: authHost='https://authserver.mojang.com', accountsHost='https://api.mojang.com', sessionHost='https://sessionserver.mojang.com', servicesHost='https://api.minecraftservices.com', name='PROD'
[03:00:56] [main/INFO]: Reloading ResourceManager: Default, bukkit
[03:00:57] [Worker-Main-1/INFO]: Loaded 7 recipes
[03:00:59] [Server thread/INFO]: Starting minecraft server version 1.16.5
[03:00:59] [Server thread/INFO]: Loading properties
[03:00:59] [Server thread/INFO]: This server is running Paper version git-Paper-794 (MC: 1.16.5) (Implementing API version 1.16.5-R0.1-SNAPSHOT)
[03:00:59] [Server thread/INFO]: Debug logging is disabled
[03:00:59] [Server thread/INFO]: Server Ping Player Sample Count: 12
[03:00:59] [Server thread/INFO]: Using 4 threads for Netty based IO
[03:00:59] [Server thread/INFO]: Default game type: SURVIVAL
[03:00:59] [Server thread/INFO]: Generating keypair
[03:01:00] [Server thread/INFO]: Starting Minecraft server on *:25565
[03:01:00] [Server thread/INFO]: Using epoll channel type
[03:01:01] [Server thread/INFO]: [WorldEdit] Loading WorldEdit v7.2.5+57d5ac9
[03:01:01] [Server thread/INFO]: Got request to register class com.sk89q.worldedit.bukkit.BukkitServerInterface with WorldEdit [com.sk89q.worldedit.extension.platform.PlatformManager@6237df7b]
[03:01:01] [Server thread/INFO]: [Permadeath] Loading Permadeath v1.3
[03:01:02] [Server thread/INFO]: [SkinsRestorer] Loading SkinsRestorer v15.12.5
[03:01:02] [Server thread/INFO]: Server permissions file permissions.yml is empty, ignoring it
[03:01:02] [Server thread/INFO]: [WorldEdit] Enabling WorldEdit v7.2.5+57d5ac9
[03:01:02] [Server thread/INFO]: WEPIF: Using the Bukkit Permissions API.
[03:01:02] [Server thread/INFO]: Using com.sk89q.worldedit.bukkit.adapter.impl.Spigot_v1_16_R3 as the Bukkit adapter
[03:01:04] [Server thread/INFO]: [Permadeath] Enabling Permadeath v1.3
[03:01:04] [Server thread/INFO]: [SkinsRestorer] Enabling SkinsRestorer v15.12.5
[03:01:06] [Server thread/INFO]: [33;1m[[32;22mSkinsRestorer[33;1m] [0;39m[32;1mRunning on Minecraft [33;1m1.16.5[32;1m.[0;39m
[03:01:06] [Server thread/INFO]: [33;1m[[32;22mSkinsRestorer[33;1m] [0;39mUsing paper join listener![0;39m
[03:01:06] [Server thread/WARN]: [33;1m[[32;22mSkinsRestorer[33;1m] [0;39m[33;1m[33;1mYou are running an outdated Java version, please update it to at least Java 21 (your version is 11).[0;39m
[03:01:06] [Server thread/WARN]: [33;1m[[32;22mSkinsRestorer[33;1m] [0;39m[33;1m[33;1mSkinsRestorer no longer officially supports this version of Java, you are currently using an unsupported compatibility build.[0;39m
[03:01:06] [Server thread/WARN]: [33;1m[[32;22mSkinsRestorer[33;1m] [0;39m[33;1m[33;1mYou can still use the plugin, but you may encounter issues that are not present in newer versions of Java.[0;39m
[03:01:06] [Server thread/WARN]: **** SERVER IS RUNNING IN OFFLINE/INSECURE MODE!
[03:01:06] [Server thread/WARN]: The server will make no attempt to authenticate usernames. Beware.
[03:01:06] [Server thread/WARN]: While this makes the game possible to play without internet access, it also opens up the ability for hackers to connect with any username they choose.
[03:01:06] [Server thread/WARN]: To change this, set "online-mode" to "true" in the server.properties file.
[03:01:06] [Server thread/INFO]: Preparing level "world"
[03:01:07] [Server thread/INFO]: Registering commands with com.sk89q.worldedit.bukkit.BukkitServerInterface
[03:01:08] [Server thread/INFO]: Preparing start region for dimension minecraft:overworld
[03:01:08] [Server thread/INFO]: Preparing spawn area: 0%
[03:01:08] [Server thread/INFO]: Preparing spawn area: 0%
[03:01:08] [Server thread/INFO]: Time elapsed: 868 ms
[03:01:08] [Server thread/INFO]: Preparing start region for dimension minecraft:the_nether
[03:01:09] [Server thread/INFO]: Time elapsed: 557 ms
[03:01:09] [Server thread/INFO]: Preparing start region for dimension minecraft:the_end
[03:01:09] [Server thread/INFO]: Time elapsed: 234 ms
[03:01:11] [Server thread/INFO]: Running delayed init tasks
[03:01:11] [Server thread/INFO]: Permadeath ➤ No se ha encontrado una librería JDA, deberás instalar una en caso de querer utilizar un bot de Discord.
[03:01:11] [Server thread/INFO]: Descarga aquí: https://www.spigotmc.org/resources/permadeath-%E2%98%A0%EF%B8%8F.112343/
[03:01:11] [Server thread/INFO]: Si no puedes descargarlo allí, únete a este Discord y te daremos acceso al enlace: https://discord.gg/8evPbuxPke
[03:01:11] [Server thread/INFO]: ------------------------------------------
[03:01:11] [Server thread/INFO]:              PERMADEATH
[03:01:11] [Server thread/INFO]:      - Versión: 1.3
[03:01:11] [Server thread/INFO]:      - Versión del Servidor: v1.16
[03:01:11] [Server thread/INFO]: ------------------------------------------
[03:01:11] [Server thread/INFO]:  >> INFORME DE ESTADO
[03:01:11] [Server thread/INFO]: > Estado de mundos: Overworld: world End: world_the_end
[03:01:11] [Server thread/INFO]:     > End: world_the_end
[03:01:11] [Server thread/INFO]:     > Overworld: world
[03:01:11] [Server thread/INFO]: > Estado de Compatibilidad: Compatible
[03:01:11] [Server thread/INFO]: > Software: PaperMC (Compatible)
[03:01:11] [Server thread/INFO]: > Cambios:
[03:01:11] [Server thread/INFO]: >   Días disponibles: 1-60
[03:01:11] [Server thread/INFO]: Done (12.279s)! For help, type "help"
[03:01:11] [Server thread/WARN]: [io.papermc.paper.util.PaperJvmChecker] ************************************************************
[03:01:11] [Server thread/WARN]: [io.papermc.paper.util.PaperJvmChecker] * WARNING - YOU ARE RUNNING AN OUTDATED VERSION OF JAVA.
[03:01:11] [Server thread/WARN]: [io.papermc.paper.util.PaperJvmChecker] * PAPER WILL STOP BEING COMPATIBLE WITH THIS VERSION OF
[03:01:11] [Server thread/WARN]: [io.papermc.paper.util.PaperJvmChecker] * JAVA WHEN MINECRAFT 1.17 IS RELEASED.
[03:01:11] [Server thread/WARN]: [io.papermc.paper.util.PaperJvmChecker] *
[03:01:11] [Server thread/WARN]: [io.papermc.paper.util.PaperJvmChecker] * Please update the version of Java you use to run Paper
[03:01:11] [Server thread/WARN]: [io.papermc.paper.util.PaperJvmChecker] * to at least Java 16. When Paper for Minecraft 1.17 is
[03:01:11] [Server thread/WARN]: [io.papermc.paper.util.PaperJvmChecker] * released support for versions of Java before 16 will
[03:01:11] [Server thread/WARN]: [io.papermc.paper.util.PaperJvmChecker] * be dropped.
[03:01:11] [Server thread/WARN]: [io.papermc.paper.util.PaperJvmChecker] *
[03:01:11] [Server thread/WARN]: [io.papermc.paper.util.PaperJvmChecker] * Current Java version: 11.0.31
[03:01:11] [Server thread/WARN]: [io.papermc.paper.util.PaperJvmChecker] *
[03:01:11] [Server thread/WARN]: [io.papermc.paper.util.PaperJvmChecker] * Check this forum post for more information: 
[03:01:11] [Server thread/WARN]: [io.papermc.paper.util.PaperJvmChecker] *   https://papermc.io/java16
[03:01:11] [Server thread/WARN]: [io.papermc.paper.util.PaperJvmChecker] ************************************************************
[03:01:11] [Server thread/INFO]: Timings Reset
[03:01:13] [Craft Scheduler Thread - 0/INFO]: Permadeath ➤ Versión del plugin: Versión más reciente instalada.
[03:01:13] [Craft Scheduler Thread - 2/INFO]: [33;1m[[32;22mSkinsRestorer[33;1m] [0;39m[32;1m----------------------------------------------[0;39m
[03:01:13] [Craft Scheduler Thread - 2/INFO]: [33;1m[[32;22mSkinsRestorer[33;1m] [0;39m[32;1m    +===================+[0;39m
[03:01:13] [Craft Scheduler Thread - 2/INFO]: [33;1m[[32;22mSkinsRestorer[33;1m] [0;39m[32;1m    |   SkinsRestorer   |[0;39m
[03:01:13] [Craft Scheduler Thread - 2/INFO]: [33;1m[[32;22mSkinsRestorer[33;1m] [0;39m[32;1m    |-------------------|[0;39m
[03:01:13] [Craft Scheduler Thread - 2/INFO]: [33;1m[[32;22mSkinsRestorer[33;1m] [0;39m[32;1m    |  [34;1m[4m[21mStandalone Mode[0;39m[32;1m  |[0;39m
[03:01:13] [Craft Scheduler Thread - 2/INFO]: [33;1m[[32;22mSkinsRestorer[33;1m] [0;39m[32;1m    +===================+[0;39m
[03:01:13] [Craft Scheduler Thread - 2/INFO]: [33;1m[[32;22mSkinsRestorer[33;1m] [0;39m[32;1m----------------------------------------------[0;39m
[03:01:13] [Craft Scheduler Thread - 2/INFO]: [33;1m[[32;22mSkinsRestorer[33;1m] [0;39m[36;1m    Version: [32;1m15.12.5[0;39m
[03:01:13] [Craft Scheduler Thread - 2/INFO]: [33;1m[[32;22mSkinsRestorer[33;1m] [0;39m[36;1m    Commit: [32;1m98b9488[0;39m
[03:01:13] [Craft Scheduler Thread - 2/INFO]: [33;1m[[32;22mSkinsRestorer[33;1m] [0;39m[32;1m    This is the latest version![0;39m
[03:01:13] [Craft Scheduler Thread - 2/INFO]: [33;1m[[32;22mSkinsRestorer[33;1m] [0;39m[32;1m----------------------------------------------[0;39m
[03:01:13] [Craft Scheduler Thread - 2/INFO]: [33;1m[[32;22mSkinsRestorer[33;1m] [0;39m[34;1mDo you have issues? Read our troubleshooting guide: [33;1mhttps://skinsrestorer.net/docs/troubleshooting[0;39m
[03:01:13] [Craft Scheduler Thread - 2/INFO]: [33;1m[[32;22mSkinsRestorer[33;1m] [0;39m[34;1mWant to support SkinsRestorer or receive priority support? Become a supporter: [33;1mhttps://skinsrestorer.net/pricing[0;39m
[03:01:48] [User Authenticator #1/INFO]: UUID of player RompOrTos is c5551972-6eb1-3fa6-b9af-c905864589e9
[03:01:49] [Server thread/INFO]: RompOrTos se ha unido al servidor.
[03:01:49] [Server thread/INFO]: RompOrTos[/127.28.244.228:39223] logged in with entity id 38 at ([world]167.30939161339177, 63.0, -340.9306051018764)
[03:03:47] [Server thread/INFO]: RompOrTos issued server command: /gamemode creative
[03:03:47] [Server thread/INFO]: [RompOrTos: Set own game mode to Creative Mode]
[03:05:00] [Server thread/INFO]: RompOrTos issued server command: /gamemode spectator
[03:05:00] [Server thread/INFO]: [RompOrTos: Set own game mode to Spectator Mode]
[03:05:25] [Server thread/INFO]: RompOrTos issued server command: /gamemode creative
[03:05:25] [Server thread/INFO]: [RompOrTos: Set own game mode to Creative Mode]
[03:14:55] [Server thread/INFO]: Villager EntityVillager['Villager'/1561, uuid='e50e143b-ceb9-4e73-bcc3-cf96f5b2c60c', l='ServerLevel[world]', x=3.30, y=32.52, z=-344.30, cx=0, cz=-22, tl=2376, v=true, d=false] died, message: 'Villager was impaled by Drowned'
[03:18:46] [Server thread/INFO]: Villager EntityVillager['Villager'/1684, uuid='881a6cb6-0a5a-4b01-b141-5d036a1e2df9', l='ServerLevel[world]', x=3.30, y=32.56, z=-344.30, cx=0, cz=-22, tl=3867, v=true, d=false] died, message: 'Villager was impaled by Drowned'
[03:23:21] [Server thread/INFO]: RompOrTos issued server command: /gamemode survival
[03:23:21] [Server thread/INFO]: [RompOrTos: Set own game mode to Survival Mode]
[03:25:05] [Server thread/INFO]: RompOrTos issued server command: /gamemode creative
[03:25:05] [Server thread/INFO]: [RompOrTos: Set own game mode to Creative Mode]
[03:25:26] [Server thread/INFO]: RompOrTos issued server command: /gamemode survival
[03:25:26] [Server thread/INFO]: [RompOrTos: Set own game mode to Survival Mode]
[03:27:16] [Server thread/INFO]: RompOrTos issued server command: /gamemode creative
[03:27:16] [Server thread/INFO]: [RompOrTos: Set own game mode to Creative Mode]
[03:28:50] [Server thread/INFO]: Villager EntityVillager['Villager'/2039, uuid='0a14fd8a-4ccf-4c35-8a18-4bec097d21a8', l='ServerLevel[world]', x=3.70, y=32.92, z=-344.70, cx=0, cz=-22, tl=11106, v=true, d=false] died, message: 'Villager was slain by RompOrTos'
